/home/vscode/miniforge3/envs/bioinfo/bin/quast.py spades/contigs.fasta -o quast/

Version: 5.3.0

System information:
  OS: Linux-6.8.0-1052-azure-x86_64-with-glibc2.39 (linux_64)
  Python version: 3.11.15
  CPUs number: 2

Started: 2026-06-18 14:13:43

Logging to /workspaces/Bioinfo_PPGSis_2026.1/1_dados/1.brutos/aula_04/quast/quast.log
NOTICE: Maximum number of threads is set to 1 (use --threads option to set it manually)

CWD: /workspaces/Bioinfo_PPGSis_2026.1/1_dados/1.brutos/aula_04
Main parameters: 
  MODE: default, threads: 1, min contig length: 500, min alignment length: 65, min alignment IDY: 95.0, \
  ambiguity: one, min local misassembly length: 200, min extensive misassembly length: 1000

Contigs:
  Pre-processing...
  spades/contigs.fasta ==> contigs

2026-06-18 14:13:54
Running Basic statistics processor...
  Contig files: 
    contigs
  Calculating N50 and L50...
    contigs, N50 = 29078, L50 = 1, auN = 28128.0, Total length = 30097, GC % = 38.10, # N's per 100 kbp =  0.00
  Drawing Nx plot...
    saved to /workspaces/Bioinfo_PPGSis_2026.1/1_dados/1.brutos/aula_04/quast/basic_stats/Nx_plot.pdf
  Drawing cumulative plot...
    saved to /workspaces/Bioinfo_PPGSis_2026.1/1_dados/1.brutos/aula_04/quast/basic_stats/cumulative_plot.pdf
  Drawing GC content plot...
    saved to /workspaces/Bioinfo_PPGSis_2026.1/1_dados/1.brutos/aula_04/quast/basic_stats/GC_content_plot.pdf
  Drawing contigs GC content plot...
    saved to /workspaces/Bioinfo_PPGSis_2026.1/1_dados/1.brutos/aula_04/quast/basic_stats/contigs_GC_content_plot.pdf
  Drawing Coverage histogram (bin size: 1x)...
    saved to /workspaces/Bioinfo_PPGSis_2026.1/1_dados/1.brutos/aula_04/quast/basic_stats/coverage_histogram.pdf
  Drawing contigs coverage histogram (bin size: 1x)...
    saved to /workspaces/Bioinfo_PPGSis_2026.1/1_dados/1.brutos/aula_04/quast/basic_stats/contigs_coverage_histogram.pdf
Done.

NOTICE: Genes are not predicted by default. Use --gene-finding or --glimmer option to enable it.

2026-06-18 14:13:57
Creating large visual summaries...
This may take a while: press Ctrl-C to skip this step..
  1 of 2: Creating PDF with all tables and plots...
  2 of 2: Creating Icarus viewers...
Done

2026-06-18 14:13:57
RESULTS:
  Text versions of total report are saved to /workspaces/Bioinfo_PPGSis_2026.1/1_dados/1.brutos/aula_04/quast/report.txt, report.tsv, and report.tex
  Text versions of transposed total report are saved to /workspaces/Bioinfo_PPGSis_2026.1/1_dados/1.brutos/aula_04/quast/transposed_report.txt, transposed_report.tsv, and transposed_report.tex
  HTML version (interactive tables and plots) is saved to /workspaces/Bioinfo_PPGSis_2026.1/1_dados/1.brutos/aula_04/quast/report.html
  PDF version (tables and plots) is saved to /workspaces/Bioinfo_PPGSis_2026.1/1_dados/1.brutos/aula_04/quast/report.pdf
  Icarus (contig browser) is saved to /workspaces/Bioinfo_PPGSis_2026.1/1_dados/1.brutos/aula_04/quast/icarus.html
  Log is saved to /workspaces/Bioinfo_PPGSis_2026.1/1_dados/1.brutos/aula_04/quast/quast.log

Finished: 2026-06-18 14:13:57
Elapsed time: 0:00:14.584781
NOTICEs: 2; WARNINGs: 0; non-fatal ERRORs: 0

Thank you for using QUAST!
